// Jest Snapshot v1, https://goo.gl/fbAQLP

exports[`Dropdown should render (snapshot) 1`] = `
<div
  className="container"
>
  <div
    onClick={[Function]}
    onKeyDown={[Function]}
    role="button"
    tabIndex={0}
  >
    <button
      type="button"
    />
  </div>
</div>
`;
